// Jest Snapshot v1, https://goo.gl/fbAQLP

exports[`driver simple 1`] = `"passpassλy. y xλt. λf. tλl. λm. λn. l m n(λt. λf. t) v w"`;
